// Jest Snapshot v1, https://goo.gl/fbAQLP

exports[`App component renders App 1`] = `
<DocumentFragment>
  <div
    class="App"
  >
    <div
      class="MouseForm"
    >
      Mouse Form
      <form>
        <p>
          <label
            for="post"
          >
            POST 
            <input
              id="post"
              name="method"
              type="radio"
              value="POST"
            />
            <br />
            Name: 
            <input
              id="post"
              type="text"
            />
            Fur Color: 
            <input
              id="post"
              type="text"
            />
            Tail Length: 
            <input
              id="post"
              type="number"
            />
          </label>
        </p>
        <p>
          <label
            for="get"
          >
            GET 
            <input
              id="get"
              name="method"
              type="radio"
              value="GET"
            />
          </label>
        </p>
        <p>
          <label
            for="put"
          >
            PUT 
            <input
              id="put"
              name="method"
              type="radio"
              value="PUT"
            />
            <br />
            ID: 
            <input
              id="put"
              type="number"
            />
            Name: 
            <input
              id="put"
              type="text"
            />
            Fur Color: 
            <input
              id="put"
              type="text"
            />
            Tail Length: 
            <input
              id="put"
              type="number"
            />
          </label>
        </p>
        <p>
          <label
            for="delete"
          >
            DELETE 
            <input
              id="delete"
              name="method"
              type="radio"
              value="DELETE"
            />
            ID: 
            <input
              id="delete"
              type="number"
            />
          </label>
        </p>
        <button>
          Submit
        </button>
      </form>
    </div>
    <ul />
  </div>
</DocumentFragment>
`;
